    --[no-]show-current   show current branch name
    --[no-]create-reflog  create the branch's reflog
    --[no-]edit-description
                          edit the description for the branch
    -f, --[no-]force      force creation, move/rename, deletion
    --merged <commit>     print only branches that are merged
    --no-merged <commit>  print only branches that are not merged
    --[no-]column[=<style>]
                          list branches in columns
    --[no-]sort <key>     field name to sort on
    --[no-]points-at <object>
                          print only branches of the object
    -i, --[no-]ignore-case
                          sorting and filtering are case insensitive
    --[no-]recurse-submodules
                          recurse through submodules
    --[no-]format <format>
                          format to use for the output

camper: /sql_reference$ git checkout -b feat/add-insert-row-reference
Switched to a new branch 'feat/add-insert-row-reference'
camper: /sql_reference$ git add sql_reference.json
camper: /sql_reference$ git commit -m "feat: add insert row reference"
[feat/add-insert-row-reference 4cc1190] feat: add insert row reference
 1 file changed, 3 insertions(+)
camper: /sql_reference$ git checkout main
Switched to branch 'main'
camper: /sql_reference$ go
bash: go: command not found
camper: /sql_reference$ git branch
  feat/add-column-references
  feat/add-insert-row-reference
* main
camper: /sql_reference$ git merge feat/add-insert-row-reference
Updating 39218a9..4cc1190
Fast-forward
 sql_reference.json | 3 +++
 1 file changed, 3 insertions(+)
camper: /sql_reference$ git log --oneline
4cc1190 (HEAD -> main, feat/add-insert-row-reference) feat: add insert row reference
39218a9 fix: create table syntax
0ae0bd4 feat: add drop table reference
18f0344 feat: add create table reference
684afe7 feat: add drop database reference
a5de944 feat: add create database reference
a029be1 Initial commit
camper: /sql_reference$ git checkout feat/add-column-references
Switched to branch 'feat/add-column-references'
camper: /sql_reference$ git rebase main
Auto-merging sql_reference.json
CONFLICT (content): Merge conflict in sql_reference.json
error: could not apply 635fd06... feat: add column reference
hint: Resolve all conflicts manually, mark them as resolved with
hint: "git add/rm <conflicted_files>", then run "git rebase --continue".
hint: You can instead skip this commit: run "git rebase --skip".
hint: To abort and get back to the state before "git rebase", run "git rebase --abort".
Could not apply 635fd06... feat: add column reference
camper: /sql_reference$ git status
interactive rebase in progress; onto 4cc1190
Last command done (1 command done):
   pick 635fd06 feat: add column reference
Next command to do (1 remaining command):
   pick 86817aa feat: add drop column reference
  (use "git rebase --edit-todo" to view and edit)
You are currently rebasing branch 'feat/add-column-references' on '4cc1190'.
  (fix conflicts and then run "git rebase --continue")
  (use "git rebase --skip" to skip this patch)
  (use "git rebase --abort" to check out the original branch)

Unmerged paths:
  (use "git restore --staged <file>..." to unstage)
  (use "git add <file>..." to mark resolution)
        both modified:   sql_reference.json

no changes added to commit (use "git add" and/or "git commit -a")
camper: /sql_reference$  git add sql_reference.json
camper: /sql_reference$ git status
interactive rebase in progress; onto 4cc1190
Last command done (1 command done):
   pick 635fd06 feat: add column reference
Next command to do (1 remaining command):
   pick 86817aa feat: add drop column reference
  (use "git rebase --edit-todo" to view and edit)
You are currently rebasing branch 'feat/add-column-references' on '4cc1190'.
  (all conflicts fixed: run "git rebase --continue")

Changes to be committed:
  (use "git restore --staged <file>..." to unstage)
        modified:   sql_reference.json

camper: /sql_reference$ all conflicts fixed: run "git rebase --continue"
bash: all: command not found
camper: /sql_reference$ git rebase --continue
[detached HEAD c36cbd8] feat: add column reference
 1 file changed, 3 insertions(+)
Successfully rebased and updated refs/heads/feat/add-column-references.
camper: /sql_reference$ git log --oneline
16826fd (HEAD -> feat/add-column-references) feat: add drop column reference
c36cbd8 feat: add column reference
4cc1190 (main, feat/add-insert-row-reference) feat: add insert row reference
39218a9 fix: create table syntax
0ae0bd4 feat: add drop table reference
18f0344 feat: add create table reference
684afe7 feat: add drop database reference
a5de944 feat: add create database reference
a029be1 Initial commit
camper: /sql_reference$ git status
On branch feat/add-column-references
Changes not staged for commit:
  (use "git add <file>..." to update what will be committed)
  (use "git restore <file>..." to discard changes in working directory)
        modified:   sql_reference.json

no changes added to commit (use "git add" and/or "git commit -a")
camper: /sql_reference$ git diff
diff --git a/sql_reference.json b/sql_reference.json
index 3a4951d..b3759a1 100644
--- a/sql_reference.json
+++ b/sql_reference.json
@@ -12,6 +12,7 @@
   },
   "column": {
     "add": "ALTER TABLE table_name ADD COLUMN column_name;",
camper: /sql_reference$ git diff
diff --git a/sql_reference.json b/sql_reference.json
index 3a4951d..b3759a1 100644
--- a/sql_reference.json
+++ b/sql_reference.json
@@ -12,6 +12,7 @@
   },
   "column": {
     "add": "ALTER TABLE table_name ADD COLUMN column_name;",
-    "drop": "ALTER TABLE table_name DROP COLUMN column_name;"
+    "drop": "ALTER TABLE table_name DROP COLUMN column_name;",
+    "rename": "ALTER TABLE table_name RENAME COLUMN column_name TO new_name;"
   }
 }
camper: /sql_reference$ git add sql_reference.json
camper: /sql_reference$ git commit -m "feat: add rename column reference"
[feat/add-column-references a7169f3] feat: add rename column reference
 1 file changed, 2 insertions(+), 1 deletion(-)
camper: /sql_reference$ git branch
* feat/add-column-references
  feat/add-insert-row-reference
  main
camper: /sql_reference$ git checkout feat/add-insert-row-reference
Switched to branch 'feat/add-insert-row-reference'
camper: /sql_reference$ git status
On branch feat/add-insert-row-reference
Changes not staged for commit:
  (use "git add <file>..." to update what will be committed)
  (use "git restore <file>..." to discard changes in working directory)
        modified:   sql_reference.json

no changes added to commit (use "git add" and/or "git commit -a")
camper: /sql_reference$ git stash
Saved working directory and index state WIP on feat/add-insert-row-reference: 4cc1190 feat: add insert row reference
camper: /sql_reference$ git status
On branch feat/add-insert-row-reference
nothing to commit, working tree clean
camper: /sql_reference$ git stash list
stash@{0}: WIP on feat/add-insert-row-reference: 4cc1190 feat: add insert row reference
camper: /sql_reference$ git stash pop
On branch feat/add-insert-row-reference
Changes not staged for commit:
  (use "git add <file>..." to update what will be committed)
  (use "git restore <file>..." to discard changes in working directory)
        modified:   sql_reference.json

no changes added to commit (use "git add" and/or "git commit -a")
Dropped refs/stash@{0} (4290f7575f10d3898f85bd7be0f6028b3e3b97b7)
camper: /sql_reference$ git stash list
camper: /sql_reference$ git stash
Saved working directory and index state WIP on feat/add-insert-row-reference: 4cc1190 feat: add insert row reference
camper: /sql_reference$ git stash list
stash@{0}: WIP on feat/add-insert-row-reference: 4cc1190 feat: add insert row reference
camper: /sql_reference$ git stash show
 sql_reference.json | 3 ++-
 1 file changed, 2 insertions(+), 1 deletion(-)
camper: /sql_reference$ git stash show -p
diff --git a/sql_reference.json b/sql_reference.json
index f39cf0a..b2920bd 100644
--- a/sql_reference.json
+++ b/sql_reference.json
@@ -8,6 +8,7 @@
     "drop": "DROP TABLE table_name;"
   },
   "row": {
-    "insert": "INSERT INTO table_name(columns) VALUES(values);"
+    "insert": "INSERT INTO table_name(columns) VALUES(values);",
+    "update": "UPDATE table_name SET column_name = new_value WHERE condition;"
   }
 }
camper: /sql_reference$ git stash apply
On branch feat/add-insert-row-reference
Changes not staged for commit:
  (use "git add <file>..." to update what will be committed)
  (use "git restore <file>..." to discard changes in working directory)
        modified:   sql_reference.json

no changes added to commit (use "git add" and/or "git commit -a")
camper: /sql_reference$ git stash list
stash@{0}: WIP on feat/add-insert-row-reference: 4cc1190 feat: add insert row reference
camper: /sql_reference$ git stash
Saved working directory and index state WIP on feat/add-insert-row-reference: 4cc1190 feat: add insert row reference
camper: /sql_reference$ git stash list
stash@{0}: WIP on feat/add-insert-row-reference: 4cc1190 feat: add insert row reference
stash@{1}: WIP on feat/add-insert-row-reference: 4cc1190 feat: add insert row reference
camper: /sql_reference$ ^C
camper: /sql_reference$ git stash show
 sql_reference.json | 3 ++-
 1 file changed, 2 insertions(+), 1 deletion(-)
camper: /sql_reference$ git stash show stash@{1}
 sql_reference.json | 3 ++-
 1 file changed, 2 insertions(+), 1 deletion(-)
camper: /sql_reference$ git stash show -p
diff --git a/sql_reference.json b/sql_reference.json
index f39cf0a..b2920bd 100644
--- a/sql_reference.json
+++ b/sql_reference.json
@@ -8,6 +8,7 @@
     "drop": "DROP TABLE table_name;"
   },
   "row": {
-    "insert": "INSERT INTO table_name(columns) VALUES(values);"
+    "insert": "INSERT INTO table_name(columns) VALUES(values);",
+    "update": "UPDATE table_name SET column_name = new_value WHERE condition;"
   }
 }
camper: /sql_reference$ git stash show -p stash@{1}
diff --git a/sql_reference.json b/sql_reference.json
index f39cf0a..b2920bd 100644
--- a/sql_reference.json
+++ b/sql_reference.json
@@ -8,6 +8,7 @@
     "drop": "DROP TABLE table_name;"
   },
   "row": {
-    "insert": "INSERT INTO table_name(columns) VALUES(values);"
+    "insert": "INSERT INTO table_name(columns) VALUES(values);",
+    "update": "UPDATE table_name SET column_name = new_value WHERE condition;"
   }
 }
camper: /sql_reference$ git stash drop
Dropped refs/stash@{0} (8a6dfb12e9d75604ea195f4d9f1e168b26df40e0)
camper: /sql_reference$ git stash list
stash@{0}: WIP on feat/add-insert-row-reference: 4cc1190 feat: add insert row reference
camper: /sql_reference$ git checkout main
Switched to branch 'main'
camper: /sql_reference$ git branch
  feat/add-column-references
  feat/add-insert-row-reference
* main
camper: /sql_reference$ git branch -d feat/add-insert-row-reference
Deleted branch feat/add-insert-row-reference (was 4cc1190).
camper: /sql_reference$ git checkout -b feat/add-more-row-references
Switched to a new branch 'feat/add-more-row-references'
camper: /sql_reference$ git stash list
stash@{0}: WIP on feat/add-insert-row-reference: 4cc1190 feat: add insert row reference
camper: /sql_reference$ git stash pop
On branch feat/add-more-row-references
Changes not staged for commit:
  (use "git add <file>..." to update what will be committed)
  (use "git restore <file>..." to discard changes in working directory)
        modified:   sql_reference.json

no changes added to commit (use "git add" and/or "git commit -a")
Dropped refs/stash@{0} (dc755dd55d37189fced9d1c44c686f1fe8be4b03)
camper: /sql_reference$ git stash list
camper: /sql_reference$ git diff
diff --git a/sql_reference.json b/sql_reference.json
index f39cf0a..b2920bd 100644
--- a/sql_reference.json
+++ b/sql_reference.json
@@ -8,6 +8,7 @@
     "drop": "DROP TABLE table_name;"
   },
   "row": {
-    "insert": "INSERT INTO table_name(columns) VALUES(values);"
+    "insert": "INSERT INTO table_name(columns) VALUES(values);",
+    "update": "UPDATE table_name SET column_name = new_value WHERE condition;"
   }
 }
camper: /sql_reference$ git add sql_reference.json
camper: /sql_reference$ git commit -m "feat: add update row reference"
[feat/add-more-row-references 72a0f59] feat: add update row reference
 1 file changed, 2 insertions(+), 1 deletion(-)
camper: /sql_reference$ git checkout main
Switched to branch 'main'
camper: /sql_reference$ git branch
  feat/add-column-references
  feat/add-more-row-references
* main
camper: /sql_reference$ git merge feat/add-more-row-references
Updating 4cc1190..72a0f59
Fast-forward
 sql_reference.json | 3 ++-
 1 file changed, 2 insertions(+), 1 deletion(-)
camper: /sql_reference$ git checkout feat/add-column-references
Switched to branch 'feat/add-column-references'
camper: /sql_reference$ git rebase main
Auto-merging sql_reference.json
CONFLICT (content): Merge conflict in sql_reference.json
error: could not apply c36cbd8... feat: add column reference
hint: Resolve all conflicts manually, mark them as resolved with
hint: "git add/rm <conflicted_files>", then run "git rebase --continue".
hint: You can instead skip this commit: run "git rebase --skip".
hint: To abort and get back to the state before "git rebase", run "git rebase --abort".
Could not apply c36cbd8... feat: add column reference
camper: /sql_reference$ git status
interactive rebase in progress; onto 72a0f59
Last command done (1 command done):
   pick c36cbd8 feat: add column reference
Next commands to do (2 remaining commands):
   pick 16826fd feat: add drop column reference
   pick a7169f3 feat: add rename column reference
  (use "git rebase --edit-todo" to view and edit)
You are currently rebasing branch 'feat/add-column-references' on '72a0f59'.
  (fix conflicts and then run "git rebase --continue")
  (use "git rebase --skip" to skip this patch)
  (use "git rebase --abort" to check out the original branch)

Unmerged paths:
  (use "git restore --staged <file>..." to unstage)
  (use "git add <file>..." to mark resolution)
        both modified:   sql_reference.json

no changes added to commit (use "git add" and/or "git commit -a")
camper: /sql_reference$ git add sql_reference.json
camper: /sql_reference$ git status
interactive rebase in progress; onto 72a0f59
Last command done (1 command done):
   pick c36cbd8 feat: add column reference
Next commands to do (2 remaining commands):
   pick 16826fd feat: add drop column reference
   pick a7169f3 feat: add rename column reference
  (use "git rebase --edit-todo" to view and edit)
You are currently rebasing branch 'feat/add-column-references' on '72a0f59'.
  (all conflicts fixed: run "git rebase --continue")

Changes to be committed:
  (use "git restore --staged <file>..." to unstage)
        modified:   sql_reference.json

camper: /sql_reference$ git rebase --continue
[detached HEAD ad509f4] feat: add column reference
 1 file changed, 3 insertions(+)
Successfully rebased and updated refs/heads/feat/add-column-references.
camper: /sql_reference$ git log --oneline
66d988f (HEAD -> feat/add-column-references) feat: add rename column reference
27e9e57 feat: add drop column reference
ad509f4 feat: add column reference
72a0f59 (main, feat/add-more-row-references) feat: add update row reference
4cc1190 feat: add insert row reference
39218a9 fix: create table syntax
0ae0bd4 feat: add drop table reference
18f0344 feat: add create table reference
684afe7 feat: add drop database reference
a5de944 feat: add create database reference
a029be1 Initial commit
camper: /sql_reference$ git diff
diff --git a/sql_reference.json b/sql_reference.json
index 642ab9b..d443b57 100644
--- a/sql_reference.json
+++ b/sql_reference.json
@@ -14,6 +14,7 @@
   "column": {
     "add": "ALTER TABLE table_name ADD COLUMN column_name;",
     "drop": "ALTER TABLE table_name DROP COLUMN column_name;",
-    "rename": "ALTER TABLE table_name RENAME COLUMN column_name TO new_name;"
+    "rename": "ALTER TABLE table_name RENAME COLUMN column_name TO new_name;",
+    "primary_key": "ALTER TABLE table_name ADD PRIMARY KEY(column_name);"
   }
 }
camper: /sql_reference$ git add sql_reference.json
camper: /sql_reference$ git commit -m "feat: add primary key reference"
[feat/add-column-references 6756d8a] feat: add primary key reference
 1 file changed, 2 insertions(+), 1 deletion(-)
camper: /sql_reference$ git diff
diff --git a/sql_reference.json b/sql_reference.json
index d443b57..a6fc72e 100644
--- a/sql_reference.json
+++ b/sql_reference.json
@@ -15,6 +15,7 @@
     "add": "ALTER TABLE table_name ADD COLUMN column_name;",
     "drop": "ALTER TABLE table_name DROP COLUMN column_name;",
     "rename": "ALTER TABLE table_name RENAME COLUMN column_name TO new_name;",
-    "primary_key": "ALTER TABLE table_name ADD PRIMARY KEY(column_name);"
+    "primary_key": "ALTER TABLE table_name ADD PRIMARY KEY(column_name);",
+    "foreign_key": "ALTER TABLE table_name ADD FOREIGN KEY(column_name) REFERENCES table_name(column_name);"
   }
 }
camper: /sql_reference$ git add sql_reference.json
camper: /sql_reference$ git commit -m "feat: add foreign key reference"
[feat/add-column-references 59ed006] feat: add foreign key reference
 1 file changed, 2 insertions(+), 1 deletion(-)
camper: /sql_reference$ git branch
* feat/add-column-references
  feat/add-more-row-references
  main
camper: /sql_reference$ git checkout feat/add-more-row-references
Switched to branch 'feat/add-more-row-references'
camper: /sql_reference$ git diff
diff --git a/sql_reference.json b/sql_reference.json
index b2920bd..5761ca5 100644
--- a/sql_reference.json
+++ b/sql_reference.json
@@ -9,6 +9,7 @@
   },
   "row": {
     "insert": "INSERT INTO table_name(columns) VALUES(values);",
-    "update": "UPDATE table_name SET column_name = new_value WHERE condition;"
+    "update": "UPDATE table_name SET column_name = new_value WHERE condition;",
+    "delete": "DELETE FROM table_name WHERE condition;"
   }
 }
camper: /sql_reference$ git add sql_reference.json
camper: /sql_reference$ git commit -m "feat: add delete row reference"
[feat/add-more-row-references c9310f4] feat: add delete row reference
 1 file changed, 2 insertions(+), 1 deletion(-)
camper: /sql_reference$ git checkout main
Switched to branch 'main'
camper: /sql_reference$ git merge feat/add-more-row-references\
> c^C
camper: /sql_reference$ git merge feat/add-more-row-references
Updating 72a0f59..c9310f4
Fast-forward
 sql_reference.json | 3 ++-
 1 file changed, 2 insertions(+), 1 deletion(-)
camper: /sql_reference$ git branch -d feat/add-more-row-references
Deleted branch feat/add-more-row-references (was 87db07c).
camper: /sql_reference$ git checkout -b fix/add-missing-rename-references
Switched to a new branch 'fix/add-missing-rename-references'
camper: /sql_reference$ git add sql_reference.json
camper: /sql_reference$ git commit -m "fix: add missing rename database reference"
[fix/add-missing-rename-references cfddeb7] fix: add missing rename database reference
 1 file changed, 2 insertions(+), 1 deletion(-)
camper: /sql_reference$ git checkout feat/add-column-references
Switched to branch 'feat/add-column-references'
camper: /sql_reference$ git rebase main
Auto-merging sql_reference.json
CONFLICT (content): Merge conflict in sql_reference.json
error: could not apply 0e87445... feat: add column reference
hint: Resolve all conflicts manually, mark them as resolved with
hint: "git add/rm <conflicted_files>", then run "git rebase --continue".
hint: You can instead skip this commit: run "git rebase --skip".
hint: To abort and get back to the state before "git rebase", run "git rebase --abort".
Could not apply 0e87445... feat: add column reference
camper: /sql_reference$ git add sql_reference.json
camper: /sql_reference$ git status
interactive rebase in progress; onto 87db07c
Last command done (1 command done):
   pick 0e87445 feat: add column reference
Next commands to do (4 remaining commands):
   pick c8ba853 feat: add drop column reference
   pick fe84ffe feat: add rename column reference
  (use "git rebase --edit-todo" to view and edit)
You are currently rebasing branch 'feat/add-column-references' on '87db07c'.
  (all conflicts fixed: run "git rebase --continue")

Changes to be committed:
  (use "git restore --staged <file>..." to unstage)
        modified:   sql_reference.json

camper: /sql_reference$ git git rebase --continu
git: 'git' is not a git command. See 'git --help'.

The most similar command is
        init
camper: /sql_reference$ git rebase --continue
[detached HEAD f1e861a] feat: add column reference
 Author: moT01 <20648924+moT01@users.noreply.github.com>
 1 file changed, 3 insertions(+)
Successfully rebased and updated refs/heads/feat/add-column-references.
camper: /sql_reference$ 
camper: /sql_reference$ git add sql_reference.json
camper: /sql_reference$ git commit -m "feat: add unique reference"
[feat/add-column-references 4aecfa7] feat: add unique reference
 1 file changed, 2 insertions(+), 1 deletion(-)
camper: /sql_reference$ git reset HEAD~1
Unstaged changes after reset:
M       sql_reference.json
camper: /sql_reference$ git log --oneline
25120c9 (HEAD -> feat/add-column-references) feat: add foreign key reference
92ab0f9 feat: add primary key reference
fe7f9ca feat: add rename column reference
22df382 feat: add drop column reference
f1e861a feat: add column reference
87db07c (main) feat: add delete row reference
a72acea feat: add update row reference
88989a2 feat: add insert row reference
d3609d2 fix: create table syntax
0ae0bd4 feat: add drop table reference
18f0344 feat: add create table reference
684afe7 feat: add drop database reference
a5de944 feat: add create database reference
a029be1 Initial commit
camper: /sql_reference$ 
camper: /sql_reference$ git status
On branch feat/add-column-references
Changes not staged for commit:
  (use "git add <file>..." to update what will be committed)
  (use "git restore <file>..." to discard changes in working directory)
        modified:   sql_reference.json

no changes added to commit (use "git add" and/or "git commit -a")
camper: /sql_reference$ git diff
diff --git a/sql_reference.json b/sql_reference.json
index 37df137..264a924 100644
--- a/sql_reference.json
+++ b/sql_reference.json
@@ -17,6 +17,7 @@
     "drop": "ALTER TABLE table_name DROP COLUMN column_name;",
     "rename": "ALTER TABLE table_name RENAME COLUMN column_name TO new_name;",
     "primary_key": "ALTER TABLE table_name ADD PRIMARY KEY(column_name);",
-    "foreign_key": "ALTER TABLE table_name ADD FOREIGN KEY(column_name) REFERENCES table_name(column_name);"
+    "foreign_key": "ALTER TABLE table_name ADD FOREIGN KEY(column_name) REFERENCES table_name(column_name);",
+    "unique": "ALTER TABLE table_name ADD UNIQUE(column_name);"
   }
 }
camper: /sql_reference$ git add sql_reference.json
camper: /sql_reference$ git commit -m "feat: add unique reference"
[feat/add-column-references a546f3a] feat: add unique reference
 1 file changed, 2 insertions(+), 1 deletion(-)
camper: /sql_reference$ git revert HEAD
[feat/add-column-references 119a279] Revert "feat: add unique reference"
 1 file changed, 1 insertion(+), 2 deletions(-)
camper: /sql_reference$ git revert HEAD
[feat/add-column-references 1a321e5] Revert "feat: add unique reference"
 1 file changed, 1 insertion(+), 2 deletions(-)
camper: /sql_reference$ git log --oneline\
> 
1a321e5 (HEAD -> feat/add-column-references) Revert "feat: add unique reference"
7f44436 feat: add unique reference
1e3a178 feat: add foreign key reference
b0a93b6 feat: add primary key reference
2e8f5b4 feat: add rename column reference
bee4c3e feat: add drop column reference
4e3d744 feat: add column reference
87db07c (main) feat: add delete row reference
a72acea feat: add update row reference
88989a2 feat: add insert row reference
d3609d2 fix: create table syntax
0ae0bd4 feat: add drop table reference
18f0344 feat: add create table reference
684afe7 feat: add drop database reference
a5de944 feat: add create database reference
a029be1 Initial commit
camper: /sql_reference$ git show
commit 1a321e5f3108adff59f1a5b9b1c9851e7eb365e6 (HEAD -> feat/add-column-references)
Author: Mian Hamid Ur Rehman <mianhamid6426@gmail.com>
Date:   Thu Jun 13 20:44:13 2024 +0000

    Revert "feat: add unique reference"
    
    This reverts commit 7f4443692a682f14c68f524c4600a67e2318e908.

diff --git a/sql_reference.json b/sql_reference.json
index 264a924..37df137 100644
--- a/sql_reference.json
+++ b/sql_reference.json
@@ -17,7 +17,6 @@
     "drop": "ALTER TABLE table_name DROP COLUMN column_name;",
     "rename": "ALTER TABLE table_name RENAME COLUMN column_name TO new_name;",
     "primary_key": "ALTER TABLE table_name ADD PRIMARY KEY(column_name);",
-    "foreign_key": "ALTER TABLE table_name ADD FOREIGN KEY(column_name) REFERENCES table_name(column_name);",
-    "unique": "ALTER TABLE table_name ADD UNIQUE(column_name);"
+    "foreign_key": "ALTER TABLE table_name ADD FOREIGN KEY(column_name) REFERENCES table_name(column_name);"
   }
 }
camper: /sql_reference$ git show HEAD-1
fatal: ambiguous argument 'HEAD-1': unknown revision or path not in the working tree.
Use '--' to separate paths from revisions, like this:
'git <command> [<revision>...] -- [<file>...]'
camper: /sql_reference$ git show
commit 1a321e5f3108adff59f1a5b9b1c9851e7eb365e6 (HEAD -> feat/add-column-references)
Author: Mian Hamid Ur Rehman <mianhamid6426@gmail.com>
Date:   Thu Jun 13 20:44:13 2024 +0000

    Revert "feat: add unique reference"
    
    This reverts commit 7f4443692a682f14c68f524c4600a67e2318e908.

diff --git a/sql_reference.json b/sql_reference.json
index 264a924..37df137 100644
--- a/sql_reference.json
+++ b/sql_reference.json
@@ -17,7 +17,6 @@
     "drop": "ALTER TABLE table_name DROP COLUMN column_name;",
     "rename": "ALTER TABLE table_name RENAME COLUMN column_name TO new_name;",
     "primary_key": "ALTER TABLE table_name ADD PRIMARY KEY(column_name);",
-    "foreign_key": "ALTER TABLE table_name ADD FOREIGN KEY(column_name) REFERENCES table_name(column_name);",
-    "unique": "ALTER TABLE table_name ADD UNIQUE(column_name);"
+    "foreign_key": "ALTER TABLE table_name ADD FOREIGN KEY(column_name) REFERENCES table_name(column_name);"
   }
 }
camper: /sql_reference$ git show HEAD~1
commit 7f4443692a682f14c68f524c4600a67e2318e908
Author: moT01 <20648924+moT01@users.noreply.github.com>
Date:   Thu Sep 9 22:53:48 2021 -0500

    feat: add unique reference

diff --git a/sql_reference.json b/sql_reference.json
index 37df137..264a924 100644
--- a/sql_reference.json
+++ b/sql_reference.json
@@ -17,6 +17,7 @@
     "drop": "ALTER TABLE table_name DROP COLUMN column_name;",
     "rename": "ALTER TABLE table_name RENAME COLUMN column_name TO new_name;",
     "primary_key": "ALTER TABLE table_name ADD PRIMARY KEY(column_name);",
-    "foreign_key": "ALTER TABLE table_name ADD FOREIGN KEY(column_name) REFERENCES table_name(column_name);"
+    "foreign_key": "ALTER TABLE table_name ADD FOREIGN KEY(column_name) REFERENCES table_name(column_name);",
+    "unique": "ALTER TABLE table_name ADD UNIQUE(column_name);"
   }
 }
camper: /sql_reference$ git rebase --interactive HEAD~2
Successfully rebased and updated refs/heads/feat/add-column-references.
camper: /sql_reference$ git log --oneline
1e3a178 (HEAD -> feat/add-column-references) feat: add foreign key reference
b0a93b6 feat: add primary key reference
2e8f5b4 feat: add rename column reference
bee4c3e feat: add drop column reference
4e3d744 feat: add column reference
87db07c (main) feat: add delete row reference
a72acea feat: add update row reference
88989a2 feat: add insert row reference
d3609d2 fix: create table syntax
0ae0bd4 feat: add drop table reference
18f0344 feat: add create table reference
684afe7 feat: add drop database reference
a5de944 feat: add create database reference
a029be1 Initial commit
camper: /sql_reference$ git rebase --interactive --root
[detached HEAD d18ca52] feat: add column reference s
 Author: moT01 <20648924+moT01@users.noreply.github.com>
 Date: Thu Sep 9 22:04:50 2021 -0500
 1 file changed, 3 insertions(+)
Successfully rebased and updated refs/heads/feat/add-column-references.
camper: /sql_reference$ git rebase --interactive --root
[detached HEAD 2adcc3b] feat: add column references
 Author: moT01 <20648924+moT01@users.noreply.github.com>
 Date: Thu Sep 9 22:04:50 2021 -0500
 1 file changed, 3 insertions(+)
Successfully rebased and updated refs/heads/feat/add-column-references.
camper: /sql_reference$ git log --oneline
a9331cb (HEAD -> feat/add-column-references) feat: add foreign key reference
a61c1c7 feat: add primary key reference
42a0a84 feat: add rename column reference
1747974 feat: add drop column reference
2adcc3b feat: add column references
87db07c (main) feat: add delete row reference
a72acea feat: add update row reference
88989a2 feat: add insert row reference
d3609d2 fix: create table syntax
0ae0bd4 feat: add drop table reference
18f0344 feat: add create table reference
684afe7 feat: add drop database reference
a5de944 feat: add create database reference
camper: /sql_reference$ git rebase main
Current branch feat/add-column-references is up to date.
camper: /sql_reference$ git log --oneline
a9331cb (HEAD -> feat/add-column-references) feat: add foreign key reference
a61c1c7 feat: add primary key reference
42a0a84 feat: add rename column reference
1747974 feat: add drop column reference
2adcc3b feat: add column references
87db07c (main) feat: add delete row reference
a72acea feat: add update row reference
88989a2 feat: add insert row reference
d3609d2 fix: create table syntax
0ae0bd4 feat: add drop table reference
18f0344 feat: add create table reference
684afe7 feat: add drop database reference
a5de944 feat: add create database reference
camper: /sql_reference$ git rebase --interactive HEAD~5
error: cannot 'squash' without a previous commit
You can fix this with 'git rebase --edit-todo' and then run 'git rebase --continue'.
Or you can abort the rebase with 'git rebase --abort'.
camper: /sql_reference$ git rebase --interactive HEAD~5
error: cannot 'squash' without a previous commit
You can fix this with 'git rebase --edit-todo' and then run 'git rebase --continue'.
Or you can abort the rebase with 'git rebase --abort'.
camper: /sql_reference$ git rebase --interactive HEAD~5
fatal: It seems that there is already a rebase-merge directory, and
I wonder if you are in the middle of another rebase.  If that is the
case, please try
        git rebase (--continue | --abort | --skip)
If that is not the case, please
        rm -fr ".git/rebase-merge"
and run me again.  I am stopping in case you still have something
valuable there.

camper: /sql_reference$ git rebase --interactive HEAD~5
Successfully rebased and updated refs/heads/feat/add-column-references.
camper: /sql_reference$ 
camper: /sql_reference$ git rebase --interactive HEAD~5
[detached HEAD 6a23a98] feat: add column references
 Author: moT01 <20648924+moT01@users.noreply.github.com>
 Date: Thu Sep 9 22:04:50 2021 -0500
 1 file changed, 7 insertions(+)
Successfully rebased and updated refs/heads/feat/add-column-references.
camper: /sql_reference$ 
camper: /sql_reference$ git log --oneline
6a23a98 (HEAD -> feat/add-column-references) feat: add column references
87db07c (main) feat: add delete row reference
a72acea feat: add update row reference
88989a2 feat: add insert row reference
d3609d2 fix: create table syntax
0ae0bd4 feat: add drop table reference
18f0344 feat: add create table reference
684afe7 feat: add drop database reference
a5de944 feat: add create database reference
a029be1 Initial commit
camper: /sql_reference$ git log -1
commit 6a23a984b042a2121faa155cb8b4c3748489a50a (HEAD -> feat/add-column-references)
Author: moT01 <20648924+moT01@users.noreply.github.com>
Date:   Thu Sep 9 22:04:50 2021 -0500

    feat: add column references
    
    feat: add drop column reference
    
    feat: add rename column reference
    
    feat: add primary key reference
    
    feat: add foreign key reference
camper: /sql_reference$ 
camper: /sql_reference$ git check main
git: 'check' is not a git command. See 'git --help'.

The most similar command is
        checkout
camper: /sql_reference$ git checkout main
Switched to branch 'main'
camper: /sql_reference$ git merge feat/add-column-references
Updating 87db07c..6a23a98
Fast-forward
 sql_reference.json | 7 +++++++
 1 file changed, 7 insertions(+)
camper: /sql_reference$ git branch -d feat/add-column-references
Deleted branch feat/add-column-references (was 6a23a98).
camper: /sql_reference$ git checkout fix/add-missing-rename-references
Switched to branch 'fix/add-missing-rename-references'
camper: /sql_reference$ git rebase main
Successfully rebased and updated refs/heads/fix/add-missing-rename-references.
camper: /sql_reference$ git log -5 --oneline
9749adc (HEAD -> fix/add-missing-rename-references) fix: add missing rename database reference
6a23a98 (main) feat: add column references
87db07c feat: add delete row reference
a72acea feat: add update row reference
88989a2 feat: add insert row reference
camper: /sql_reference$ git diff
diff --git a/sql_reference.json b/sql_reference.json
index 21d4641..fdaf589 100644
--- a/sql_reference.json
+++ b/sql_reference.json
@@ -6,7 +6,8 @@
   },
   "table": {
     "create": "CREATE TABLE table_name();",
-    "drop": "DROP TABLE table_name;"
+    "drop": "DROP TABLE table_name;",
+    "rename": "ALTER TABLE table_name RENAME TO new_name;"
   },
   "row": {
     "insert": "INSERT INTO table_name(columns) VALUES(values);",
camper: /sql_reference$ git add sql_reference.json
camper: /sql_reference$ git commit -m "feat: add missing rename table reference"
[fix/add-missing-rename-references 524486f] feat: add missing rename table reference
 1 file changed, 2 insertions(+), 1 deletion(-)
camper: /sql_reference$ git commit -m "fix: add missing rename table reference"
On branch fix/add-missing-rename-references
nothing to commit, working tree clean
camper: /sql_reference$ 
camper: /sql_reference$ git commit -m "fix: add missing rename table reference"
[fix/add-missing-rename-references f0995a0] fix: add missing rename table reference
 1 file changed, 2 insertions(+), 1 deletion(-)
camper: /sql_reference$ git log --oneline -5
f0995a0 (HEAD -> fix/add-missing-rename-references) fix: add missing rename table reference
0e082fc fix: add missing rename database reference
193e3a2 (main) feat: add column references
87db07c feat: add delete row reference
a72acea feat: add update row reference
camper: /sql_reference$ git rebase --interactive HEAD~2
[detached HEAD 478abfc] fix: add missing rename references
 Author: moT01 <20648924+moT01@users.noreply.github.com>
 Date: Thu Sep 9 22:47:21 2021 -0500
 1 file changed, 4 insertions(+), 2 deletions(-)
Successfully rebased and updated refs/heads/fix/add-missing-rename-references.
 camper: /sql_reference$ git rebase --interactive HEAD~2
[detached HEAD 7ec6d05] fix: add missing rename references
 Author: moT01 <20648924+moT01@users.noreply.github.com>
 Date: Thu Sep 9 22:47:21 2021 -0500
 1 file changed, 4 insertions(+), 2 deletions(-)
Successfully rebased and updated refs/heads/fix/add-missing-rename-references.
camper: /sql_reference$ git rebase --interactive HEAD~2
error: could not read file '.git/rebase-merge/git-rebase-todo': No such file or directory
camper: /sql_reference$ git rebase --interactive HEAD~2
Successfully rebased and updated refs/heads/fix/add-missing-rename-references.
camper: /sql_reference$ git rebase --interactive HEAD~2
[detached HEAD a731d82] fix: add missing rename references
 Author: moT01 <20648924+moT01@users.noreply.github.com>
 Date: Thu Sep 9 22:47:21 2021 -0500
 1 file changed, 4 insertions(+), 2 deletions(-)
Successfully rebased and updated refs/heads/fix/add-missing-rename-references.
camper: /sql_reference$ git log -1
commit a731d82da561b3f2869e8d0c2a0c0b206457c3a9 (HEAD -> fix/add-missing-rename-references)
Author: moT01 <20648924+moT01@users.noreply.github.com>
Date:   Thu Sep 9 22:47:21 2021 -0500

    fix: add missing rename references
    
    fix: add missing rename database reference
    
    fix: add missing rename table reference
camper: /sql_reference$ git checkout main
Switched to branch 'main'
camper: /sql_reference$ git merge fix/add-missing-rename-references
Updating 193e3a2..a731d82
Fast-forward
 sql_reference.json | 6 ++++--
 1 file changed, 4 insertions(+), 2 deletions(-)
camper: /sql_reference$ git branch
  fix/add-missing-rename-references
* main
camper: /sql_reference$ git branch -d fix/add-missing-rename-references
Deleted branch fix/add-missing-rename-references (was a731d82).
camper: /sql_reference$ git log --oneline flag
fatal: ambiguous argument 'flag': unknown revision or path not in the working tree.
Use '--' to separate paths from revisions, like this:
'git <command> [<revision>...] -- [<file>...]'
camper: /sql_reference$ git checkout -b feat/add-gitignore
Switched to a new branch 'feat/add-gitignore'
camper: /sql_reference$ touch .env
camper: /sql_reference$ git status
On branch feat/add-gitignore
Untracked files:
  (use "git add <file>..." to include in what will be committed)
        .env

nothing added to commit but untracked files present (use "git add" to track)
camper: /sql_reference$ touch .gitignore
camper: /sql_reference$ git status
On branch feat/add-gitignore
Untracked files:
  (use "git add <file>..." to include in what will be committed)
        .env
        .gitignore

nothing added to commit but untracked files present (use "git add" to track)
camper: /sql_reference$ git status
On branch feat/add-gitignore
Untracked files:
  (use "git add <file>..." to include in what will be committed)
        .gitignore

nothing added to commit but untracked files present (use "git add" to track)
camper: /sql_reference$ git add .gitignore
camper: /sql_reference$ git commit -m "feat: add .gitignore"
[feat/add-gitignore 07619c2] feat: add .gitignore
 1 file changed, 1 insertion(+)
 create mode 100644 .gitignore
camper: /sql_reference$ touch sample.env
camper: /sql_reference$ git status
On branch feat/add-gitignore
Untracked files:
  (use "git add <file>..." to include in what will be committed)
        sample.env

nothing added to commit but untracked files present (use "git add" to track)
camper: /sql_reference$ git add sample.env
camper: /sql_reference$ git commit -m "feat: add sample.env"
[feat/add-gitignore 7a396de] feat: add sample.env
 1 file changed, 1 insertion(+)
 create mode 100644 sample.env
camper: /sql_reference$ git log -5 --oneline
7a396de (HEAD -> feat/add-gitignore) feat: add sample.env
07619c2 feat: add .gitignore
353d656 (main) fix: add missing rename references
193e3a2 feat: add column references
87db07c feat: add delete row reference
camper: /sql_reference$ git rebase --interactive HEAD~2
[detached HEAD 4f3e819] feat: add .gitignore and sample.env
 Date: Thu Jun 13 21:17:34 2024 +0000
 2 files changed, 2 insertions(+)
 create mode 100644 .gitignore
 create mode 100644 sample.env
Successfully rebased and updated refs/heads/feat/add-gitignore.
camper: /sql_reference$ git log -1
commit 4f3e8192f7af453fb070be5dbaa0b18a5ed41609 (HEAD -> feat/add-gitignore)
Author: Mian Hamid Ur Rehman <mianhamid6426@gmail.com>
Date:   Thu Jun 13 21:17:34 2024 +0000

    feat: add .gitignore and sample.env
    
    feat: add .gitignore
    
    feat: add sample.env
camper: /sql_reference$ git checkout main
Switched to branch 'main'
camper: /sql_reference$ git merge feat/add-gitignore
Updating 353d656..4f3e819
Fast-forward
 .gitignore | 1 +
 sample.env | 1 +
 2 files changed, 2 insertions(+)
 create mode 100644 .gitignore
 create mode 100644 sample.env
camper: /sql_reference$ git branch -d feat/add-gitignore
Deleted branch feat/add-gitignore (was 4f3e819).
camper: /sql_reference$ git log --oneline
4f3e819 (HEAD -> main) feat: add .gitignore and sample.env
353d656 fix: add missing rename references
193e3a2 feat: add column references
87db07c feat: add delete row reference
a72acea feat: add update row reference
88989a2 feat: add insert row reference
d3609d2 fix: create table syntax
0ae0bd4 feat: add drop table reference
18f0344 feat: add create table reference
684afe7 feat: add drop database reference
a5de944 feat: add create database reference
a029be1 Initial commit
camper: /sql_reference$ git log
commit 4f3e8192f7af453fb070be5dbaa0b18a5ed41609 (HEAD -> main)
Author: Mian Hamid Ur Rehman <mianhamid6426@gmail.com>
Date:   Thu Jun 13 21:17:34 2024 +0000

    feat: add .gitignore and sample.env
    
    feat: add .gitignore
    
    feat: add sample.env

commit 353d656e5e069a71617c771a85be6acd5340344c
Author: moT01 <20648924+moT01@users.noreply.github.com>
Date:   Thu Sep 9 22:47:21 2021 -0500

    fix: add missing rename references
    
    fix: add missing rename database reference
    
    fix: add missing rename table reference

commit 193e3a260a3d132a5aeb82ae7303cc499842ae12
Author: moT01 <20648924+moT01@users.noreply.github.com>
Date:   Thu Sep 9 22:04:50 2021 -0500

    feat: add column references
    
    feat: add drop column reference
    
    feat: add rename column reference
    
    feat: add primary key reference
    
    feat: add foreign key reference

commit 87db07c94a4273df4de2aa89b756d605f558fc05
Author: moT01 <20648924+moT01@users.noreply.github.com>
Date:   Thu Sep 9 22:43:17 2021 -0500

    feat: add delete row reference

commit a72aceaad172418b6ac8f2e0db44c6e9bc45483e
Author: moT01 <20648924+moT01@users.noreply.github.com>
Date:   Thu Sep 9 22:32:31 2021 -0500

    feat: add update row reference

commit 88989a27ab2087f3aea1515c6f8ab4253f384a34
Author: moT01 <20648924+moT01@users.noreply.github.com>
Date:   Thu Sep 9 22:15:07 2021 -0500

    feat: add insert row reference

commit d3609d2b8047c0d7da867b65072151d8eb69484e
Author: moT01 <20648924+moT01@users.noreply.github.com>
Date:   Thu Sep 9 22:08:00 2021 -0500

    fix: create table syntax

commit 0ae0bd456114d57c6587643a47a9e3399d2ad88d
Author: moT01 <20648924+moT01@users.noreply.github.com>
Date:   Thu Sep 9 22:00:29 2021 -0500

    feat: add drop table reference

commit 18f0344599cd58dd4b0d2c54baaa6fb4a6a35523
Author: moT01 <20648924+moT01@users.noreply.github.com>
Date:   Thu Sep 9 21:55:50 2021 -0500

    feat: add create table reference

commit 684afe786ecb33e590f7dd03d9d53b6b7770684d
Author: moT01 <20648924+moT01@users.noreply.github.com>
Date:   Thu Sep 9 21:51:05 2021 -0500

    feat: add drop database reference

commit a5de9441f554604a1418a7ea46d836ea9ca09613
Author: moT01 <20648924+moT01@users.noreply.github.com>
Date:   Thu Sep 9 21:48:34 2021 -0500

    feat: add create database reference

commit a029be197bbd18f51b3ec6647391739d2928415e
Author: moT01 <20648924+moT01@users.noreply.github.com>
Date:   Thu Sep 9 21:44:23 2021 -0500

    Initial commit
camper: /sql_reference$ 
